[elcomercio.pe/respuestas/bono-600-soles-2021-link-como-inscribirme-para-/index.html]
[backblue.gif]
[fade.gif]
[index.html]
[d34fzxxwb5p53o.cloudfront.net/output/assets/js/prebidea21.js]
[elcomercio.pe/respuestas/bono-600-soles-2021-link-como-inscribirme-para-/index3f62.html]
[d2dvq461rdwooi.cloudfront.net/elcomercio/post/respuestas/spacesea21.js]
[d1r08wok4169a5.cloudfront.net/ads/elcomercio/arcadsea21.js]
[cdna.elcomercio.pe/resources/dist/elcomercio/images/favicon2d2b.png]
[cdna.elcomercio.pe/resources/dist/elcomercio/images/apple-touch-icon2d2b.png]
[cdna.elcomercio.pe/resources/dist/elcomercio/images/apple-touch-icon-76x762d2b.png]
[cdna.elcomercio.pe/resources/dist/elcomercio/images/apple-touch-icon-120x1202d2b.png]
[cdna.elcomercio.pe/resources/dist/elcomercio/images/apple-touch-icon-144x1442d2b.png]
[cdna.elcomercio.pe/resources/dist/elcomercio/images/apple-touch-icon-152x1522d2b.png]
[cdna.elcomercio.pe/resources/dist/elcomercio/images/apple-touch-icon-180x1802d2b.png]
[cdn.taboola.com/libtrc/grupoelcomercio-elcomercio/loader.js]
[static.chartbeat.com/js/chartbeat.js]
[elcomercio.pe/resizer/wDr1_PkK9itKuaxVi2iFqSY3TJo=/1200x900/smart/filters_format(jpeg)_quality(75)/cdn.jwplayer.com/v2/media/poster.b.delaye]
[static.chartbeat.com/js/chartbeat_mab.js]
[elcomercio.pe/resizer/x-iST1vIJfaNFVJz0h7B8ML1J7A=/280x159/smart/filters_format(jpeg)_quality(75)/cloudfront-us-east/ZZMNT3MNG5CQBBW54GGXMYE]
[elcomercio.pe/respuestas/bono-600-soles-2021-link-como-inscribirme-para-/ak.m]
[cdna.elcomercio.pe/resources/dist/elcomercio/images/logo2d2b.png]
[cdna.elcomercio.pe/resources/dist/elcomercio/images/default-md87dd.png]
[elcomercio.pe/respuestas/bono-600-soles-2021-link-como-inscribirme-para-/respuestas/index.html]
[cdna.elcomercio.pe/resources/dist/elcomercio/images/logo-sidebar2d2b.png]
[elcomercio.pe/resizer/k2ABtbmotLZ-b0KyoqhVWRbO5FA=/580x330/smart/filters_format(jpeg)_quality(75)/cloudfront-us-east/ZZMNT3MNG5CQBBW54GGXMYE]
[elcomercio.pe/resizer/kLgcE1ljj5ITKlqbPPw1vJcDKl0=/57x57/smart/filters_format(jpeg)_quality(75)/s3.amazonaws.com/arc/5f71beb8-bb6d-4743-9ed2]
[sb.scorecardresearch.com/internal-c2/plugins/streamingtag_plugin_jwplayer.js]
[cdna.elcomercio.pe/resources/assets/js/lazyload2d2b.js]
[d1r08wok4169a5.cloudfront.net/gpt-adtmp/ads-formats-development/public/js/main72ee.js]
[cdnc.elcomercio.pe/dist/elcomercio/css/lite-storycc05.css]
[cdna.elcomercio.pe/resources/dist/elcomercio/images/paywall_bg2d2b.jpg]
[cdna.elcomercio.pe/resources/dist/elcomercio/images/logo_elcomercio2d2b.png]
[elcomercio.pe/respuestas/bono-600-soles-2021-link-como-inscribirme-para-/index.html]
[cdn.ampproject.org/v0.js]
[cdna.elcomercio.pe/resources/dist/elcomercio/images/arrow-right-2.png]
[cdn.ampproject.org/v0/amp-analytics-0.1.js]
[elcomercio.pe/resizer/Y6kgosYt57xU0se67iADZ1Aiyps=/1200x1200/smart/filters_format(jpeg)_quality(75)/cloudfront-us-ea/ZZMNT3MNG5CQBBW54GGXMYE]
[cdn.ampproject.org/v0/amp-social-share-0.1.js]
[cdn.ampproject.org/v0/amp-sticky-ad-1.0.js]
[cdn.ampproject.org/v0/amp-ad-0.1.js]
[cdn.ampproject.org/v0/amp-sidebar-0.1.js]
[cdn.ampproject.org/v0/amp-video-docking-0.1.js]
[cdn.ampproject.org/v0/amp-jwplayer-0.1.js]
[cdn.ampproject.org/v0/amp-twitter-0.1.js]
[cdn.ampproject.org/v0/amp-bind-0.1.js]
[cdn.ampproject.org/v0/amp-fit-text-0.1.js]
[cdna.elcomercio.pe/resources/dist/elcomercio/images/logo-amp2d2b.png]
[elcomercio.pe/resizer/qP32uul9DkYhN9-nTOIcAaJjygU=/600x360/smart/filters_format(jpeg)_quality(75)/cloudfront-us-east/ZZMNT3MNG5CQBBW54GGXMYE]
[d1ts5g4ys243sh.cloudfront.net/proyectos_especiales_prod/especiales/banner-trust-project/logo-trust.png]
[elcomercio.pe/resizer/a4aFvCKz-AJR_cmW76qUXMsCZiI=/400x0/smart/filters_format(jpeg)_quality(75)/cloudfront-us-east-1/OISU5JFF6FBMZD52YHDK2FS]
[cloudfront-us-east-1.images.arcpublishing.com/elcomercio/HBKGCADDBNBUNLEYORIOLCMAKA.jpg]
[cloudfront-us-east-1.images.arcpublishing.com/elcomercio/VVIYYMFBZZENFL2WUDB3JXLRMA.jpg]
[cloudfront-us-east-1.images.arcpublishing.com/elcomercio/2B2JABL6DVHRPMTUR3DLUF6X7E.jpg]
[elcomercio.pe/respuestas/bono-600-soles-2021-link-como-inscribirme-para-/index3f62.html]
[assets-jpcust.jwpsrv.com/thumbnails/id114ivw-720.jpg]
[elcomercio.pe/resizer/3sWOxPBz7Lo4kQN_bXPgVmGhEiw=/314x157/smart/filters_format(jpeg)_quality(75)/cloudfront-us-east/HNC775PHJVDZ7C64YSWVPGL]
[elcomercio.pe/resizer/rs8lfDHUtSnkboOTAKZOzsSQLeA=/314x157/smart/filters_format(jpeg)_quality(75)/cloudfront-us-east/TDK3TL4V3VH7JKFLVU5LAJE]
[elcomercio.pe/resizer/RsamVlQtqtv6LYMMdCnZlY9iEm0=/314x157/smart/filters_format(jpeg)_quality(75)/cloudfront-us-east/JIIWA5MXKJE5JF2AYR42RZE]
[elcomercio.pe/resizer/ewYfcCE0PkTHjD5hwF5FQ0RV7YM=/314x157/smart/filters_format(jpeg)_quality(75)/cloudfront-us-east/A4WEOYJGWZDMZP4YTCRSLLE]
[static.chartbeat.com/js/chartbeat.js]
[static.chartbeat.com/js/inpage.js]
[elcomercio.pe/resizer/hoL0b0PBOT1zpxp5NjUSd0hR4s4=/314x157/smart/filters_format(jpeg)_quality(75)/cloudfront-us-east/3CCP4YSF2JGZRN3IDGT3M6Z]
[elcomercio.pe/resizer/1oRBR2IG61HzMU4xpcRPbTsxN3A=/314x157/smart/filters_format(jpeg)_quality(75)/cloudfront-us-east/W3ZQL4VPDJCNDFRNJAFA25N]
[static.chartbeat.com/js/chartbeat_mab.js]
[www.googletagmanager.com/gtm5445.html]
[elcomercio.pe/respuestas/bono-600-soles-2021-link-como-inscribirme-para-/ak.html]
[elcomercio.pe/respuestas/bono-600-soles-2021-link-como-inscribirme-para-/respuestas/index.html]
[cdnc.elcomercio.pe/dist/elcomercio/css/lite-storycc05.css]
[elcomercio.pe/respuestas/bono-600-soles-2021-link-como-inscribirme-para-/GET/index.html]
[static2.chartbeat.com/js/mab-inpagedev.js]
[static.chartbeat.com/js/inpage.js]
[elcomercio.pe/respuestas/bono-600-soles-2021-link-como-inscribirme-para-/GET/index.html]
[static.chartbeat.com/js/inpage.html]
